sampledoc-0 1 0.20697042389412906
sampledoc-0 2 0.10572101546626687
sampledoc-0 3 0.19076961037918247
sampledoc-0 0.14566143757182878
sampledoc-1 1 0.37544681063736457
sampledoc-1 2 0.14375980118671153
sampledoc-1 3 0.1740007787629433
sampledoc-1 0.1821917720256531
