sampledoc-0 0.9594272076372314
sampledoc-1 0.9682151589242053
