sampledoc-0 1 0.2264170665795017
sampledoc-0 2 0.058277796506327154
sampledoc-0 3 0.18898300297577883
sampledoc-1 1 0.3636368909085312
sampledoc-1 2 0.09362254944801929
sampledoc-1 3 0.1481707947950785
