sampledoc-0 0.9701230228471002
sampledoc-1 0.97984496124031
