sampledoc-0 0.5133689839572193
sampledoc-1 0.4215686274509804
