sampledoc-0 1 0.22222222222222224
sampledoc-0 2 0.4210526315789474
sampledoc-0 3 0.5079365079365079
sampledoc-0 0.4215686274509804
sampledoc-1 1 0.34782608695652173
sampledoc-1 2 0.4470588235294118
sampledoc-1 3 0.5287356321839081
sampledoc-1 0.47179487179487184
