sampledoc-0 1 0.26127185692315946
sampledoc-0 2 0.17894769934972218
sampledoc-0 3 0.23018680391948035
sampledoc-1 1 0.25304267535952557
sampledoc-1 2 0.23174619299202492
sampledoc-1 3 0.21025751363606515
