sampledoc-0 0.13414022410807555
sampledoc-1 0.1583311329152014
