sampledoc-0 0.4215686274509804
sampledoc-1 0.47179487179487184
