program options:
	verbose = on
	exponent = 1.0
	score segments = false
	score documents = true
	test file = samples/ara-ref1.txt
	reference file(s) = 
		samples/ara-ref1.txt
sampledoc-0 1.0
document: sampledoc-0
	total (maximum matching)^(1/exponent) = 109.0
	total mean length of reference segments = 109.0
	total length of test segments = 109.0
	document precision = 1.0
	document recall = 1.0
	document f-measure = 1.0
sampledoc-1 1.0
document: sampledoc-1
	total (maximum matching)^(1/exponent) = 100.0
	total mean length of reference segments = 100.0
	total length of test segments = 100.0
	document precision = 1.0
	document recall = 1.0
	document f-measure = 1.0
