sampledoc-0 1 0.21569937374920223
sampledoc-0 2 0.07846478934233997
sampledoc-0 3 0.20690779796635025
sampledoc-1 1 0.36062222007602873
sampledoc-1 2 0.1030092758124266
sampledoc-1 3 0.11427090567431865
