sampledoc-0 1 0.3448275862068966
sampledoc-0 2 0.5862068965517241
sampledoc-0 3 0.6101694915254238
sampledoc-0 0.5588235294117647
sampledoc-1 1 0.4347826086956522
sampledoc-1 2 0.5287356321839081
sampledoc-1 3 0.6627218934911242
sampledoc-1 0.5758354755784062
