sampledoc-0 0.45098039215686275
sampledoc-1 0.4329896907216495
