sampledoc-0 1 0.9166666666666666
sampledoc-0 2 0.967441860465116
sampledoc-0 3 0.9508196721311474
sampledoc-1 1 0.9767441860465114
sampledoc-1 2 0.9882352941176469
sampledoc-1 3 0.953271028037383
