program options:
	verbose = on
	exponent = 9.80115490774544
	score segments = true
	score documents = true
	test file = samples/ara-sys1.txt
	reference file(s) = 
		samples/ara-ref1.txt
sampledoc-0 1 0.08256013123916628
document: sampledoc-0, segment: 1
	maximum matching = 2.0
	(maximum matching)^(1/exponent) = 1.0732817061091617
	mean length of reference segments = 15.0
	length of test segment = 11.0
	segment precision = 0.09757106419174198
	segment recall = 0.07155211374061078
	segment f-measure = 0.08256013123916628
sampledoc-0 2 0.05445678182161739
document: sampledoc-0, segment: 2
	maximum matching = 51042.89768020253
	(maximum matching)^(1/exponent) = 3.0223513910997655
	mean length of reference segments = 59.0
	length of test segment = 52.0
	segment precision = 0.05812214213653395
	segment recall = 0.051226294764402804
	segment f-measure = 0.05445678182161739
sampledoc-0 3 0.15625402897554894
document: sampledoc-0, segment: 3
	maximum matching = 7092887.065080536
	(maximum matching)^(1/exponent) = 5.000128927217566
	mean length of reference segments = 35.0
	length of test segment = 29.0
	segment precision = 0.17241823886957125
	segment recall = 0.14286082649193046
	segment f-measure = 0.15625402897554894
sampledoc-0 0.09050509477041288
document: sampledoc-0
	total (maximum matching)^(1/exponent) = 9.095762024426493
	total mean length of reference segments = 109.0
	total length of test segments = 92.0
	document precision = 0.09886697852637492
	document recall = 0.08344735802226141
	document f-measure = 0.09050509477041288
sampledoc-1 1 0.10970796387319932
document: sampledoc-1, segment: 1
	maximum matching = 4.0
	(maximum matching)^(1/exponent) = 1.1519336206685928
	mean length of reference segments = 10.0
	length of test segment = 11.0
	segment precision = 0.10472123824259935
	segment recall = 0.11519336206685929
	segment f-measure = 0.10970796387319932
sampledoc-1 2 0.04995706671125437
document: sampledoc-1, segment: 2
	maximum matching = 1797.315364062476
	(maximum matching)^(1/exponent) = 2.148153868583938
	mean length of reference segments = 44.0
	length of test segment = 42.0
	segment precision = 0.05114652068056995
	segment recall = 0.048821678831453136
	segment f-measure = 0.04995706671125437
sampledoc-1 3 0.13725836697907723
document: sampledoc-1, segment: 3
	maximum matching = 1.9188642831520027E8
	(maximum matching)^(1/exponent) = 7.00017671593294
	mean length of reference segments = 46.0
	length of test segment = 56.0
	segment precision = 0.12500315564165965
	segment recall = 0.15217775469419434
	segment f-measure = 0.13725836697907723
sampledoc-1 0.0985671215807222
document: sampledoc-1
	total (maximum matching)^(1/exponent) = 10.30026420518547
	total mean length of reference segments = 100.0
	total length of test segments = 109.0
	document precision = 0.09449783674482083
	document recall = 0.1030026420518547
	document f-measure = 0.0985671215807222
