sampledoc-0 1 1.0
sampledoc-0 2 1.0000000000000002
sampledoc-0 3 1.0000000000000002
sampledoc-0 1.0
sampledoc-1 1 1.0
sampledoc-1 2 1.0000000000000002
sampledoc-1 3 1.0000000000000002
sampledoc-1 1.0000000000000002
