program options:
	verbose = on
	exponent = 2.61973620274123
	score segments = false
	score documents = false
	test file = samples/ara-ref1.txt
	reference file(s) = 
		samples/ara-ref1.txt
		samples/ara-sys2.txt
