sampledoc-0 1 0.17663262602719476
sampledoc-0 2 0.09716517569269613
sampledoc-0 3 0.24617252243808532
sampledoc-1 1 0.10986595064321816
sampledoc-1 2 0.10547843881954494
sampledoc-1 3 0.08433345550795024
