sampledoc-0 1 0.18068151200975244
sampledoc-0 2 0.10354339861034434
sampledoc-0 3 0.11321363654542325
sampledoc-1 1 0.20102582702590718
sampledoc-1 2 0.14335994057677123
sampledoc-1 3 0.1842015106563866
