program options:
	verbose = on
	exponent = 1.0
	score segments = false
	score documents = false
	test file = samples/ara-sys1.txt
	reference file(s) = 
		samples/ara-ref2.txt
