sampledoc-0 1 0.1953241440305417
sampledoc-0 2 0.1093448718634536
sampledoc-0 3 0.15118048711030138
sampledoc-0 0.13402496124124638
sampledoc-1 1 0.18537526817465272
sampledoc-1 2 0.15202434234933007
sampledoc-1 3 0.19258308822413736
sampledoc-1 0.1731170277310131
