sampledoc-0 0.9431279620853081
sampledoc-1 0.9630573248407643
