program options:
	verbose = on
	exponent = 8.07756400077704
	score segments = true
	score documents = true
	test file = samples/ara-sys2.txt
	reference file(s) = 
		samples/ara-sys2.txt
		samples/ara-ref2.txt
		samples/ara-ref1.txt
sampledoc-0 1 0.8780487804878047
document: sampledoc-0, segment: 1
	maximum matching = 5.2138145942665356E8
	(maximum matching)^(1/exponent) = 11.999999999999998
	mean length of reference segments = 15.333333333333334
	length of test segment = 12.0
	segment precision = 0.9999999999999999
	segment recall = 0.7826086956521737
	segment f-measure = 0.8780487804878047
sampledoc-0 2 0.9649122807017542
document: sampledoc-0, segment: 2
	maximum matching = 1.1425915527073073E14
	(maximum matching)^(1/exponent) = 54.999999999999986
	mean length of reference segments = 59.0
	length of test segment = 55.0
	segment precision = 0.9999999999999998
	segment recall = 0.9322033898305082
	segment f-measure = 0.9649122807017542
sampledoc-0 3 0.9655172413793103
document: sampledoc-0, segment: 3
	maximum matching = 4.892283518492113E11
	(maximum matching)^(1/exponent) = 27.999999999999996
	mean length of reference segments = 30.0
	length of test segment = 28.0
	segment precision = 0.9999999999999999
	segment recall = 0.9333333333333332
	segment f-measure = 0.9655172413793103
sampledoc-0 0.9531772575250835
document: sampledoc-0
	total (maximum matching)^(1/exponent) = 94.99999999999999
	total mean length of reference segments = 104.33333333333333
	total length of test segments = 95.0
	document precision = 0.9999999999999999
	document recall = 0.9105431309904153
	document f-measure = 0.9531772575250835
sampledoc-1 1 0.9166666666666666
document: sampledoc-1, segment: 1
	maximum matching = 2.5817611678170347E8
	(maximum matching)^(1/exponent) = 10.999999999999998
	mean length of reference segments = 11.0
	length of test segment = 13.0
	segment precision = 0.846153846153846
	segment recall = 0.9999999999999999
	segment f-measure = 0.9166666666666666
sampledoc-1 2 0.9609374999999998
document: sampledoc-1, segment: 2
	maximum matching = 1.0650373099656121E13
	(maximum matching)^(1/exponent) = 40.99999999999999
	mean length of reference segments = 44.333333333333336
	length of test segment = 41.0
	segment precision = 0.9999999999999998
	segment recall = 0.9248120300751878
	segment f-measure = 0.9609374999999998
sampledoc-1 3 0.9800796812749003
document: sampledoc-1, segment: 3
	maximum matching = 1.0650373099656121E13
	(maximum matching)^(1/exponent) = 40.99999999999999
	mean length of reference segments = 42.666666666666664
	length of test segment = 41.0
	segment precision = 0.9999999999999998
	segment recall = 0.9609374999999999
	segment f-measure = 0.9800796812749003
sampledoc-1 0.9637305699481864
document: sampledoc-1
	total (maximum matching)^(1/exponent) = 92.99999999999999
	total mean length of reference segments = 98.0
	total length of test segments = 95.0
	document precision = 0.9789473684210525
	document recall = 0.9489795918367345
	document f-measure = 0.9637305699481864
