sampledoc-0 0.5779816513761468
sampledoc-1 0.5929648241206029
